0 verbose cli /opt/homebrew/Cellar/node/24.7.0/bin/node /opt/homebrew/bin/npm
1 info using npm@11.5.1
2 info using node@v24.7.0
3 silly config load:file:/opt/homebrew/lib/node_modules/npm/npmrc
4 silly config load:file:/Users/sanchitbaviskar07@gmail.com /Library/Caches/typescript/5.9/.npmrc
5 silly config load:file:/Users/sanchitbaviskar07@gmail.com /.npmrc
6 silly config load:file:/opt/homebrew/etc/npmrc
7 verbose title npm install types-registry@latest
8 verbose argv "install" "--ignore-scripts" "types-registry@latest"
9 verbose logfile logs-max:10 dir:/Users/sanchitbaviskar07@gmail.com /.npm/_logs/2026-02-10T07_10_46_291Z-
10 verbose logfile /Users/sanchitbaviskar07@gmail.com /.npm/_logs/2026-02-10T07_10_46_291Z-debug-0.log
0 verbose cli /opt/homebrew/Cellar/node/24.7.0/bin/node /opt/homebrew/bin/npm
1 info using npm@11.5.1
2 info using node@v24.7.0
3 silly config load:file:/opt/homebrew/lib/node_modules/npm/npmrc
4 silly config load:file:/.npmrc
5 silly config load:file:/Users/sanchitbaviskar07@gmail.com /.npmrc
6 silly config load:file:/opt/homebrew/etc/npmrc
7 verbose title npm config get prefix
8 verbose argv "config" "get" "prefix"
9 verbose logfile logs-max:10 dir:/Users/sanchitbaviskar07@gmail.com /.npm/_logs/2026-02-10T07_10_46_291Z-
10 verbose logfile /Users/sanchitbaviskar07@gmail.com /.npm/_logs/2026-02-10T07_10_46_291Z-debug-0.log
11 silly logfile start cleaning logs, removing 1 files
12 verbose cwd /
13 verbose os Darwin 25.2.0
14 verbose node v24.7.0
15 verbose npm  v11.5.1
16 verbose exit 0
17 info ok
11 silly logfile start cleaning logs, removing 1 files
12 silly packumentCache heap:4496293888 maxSize:1124073472 maxEntrySize:562036736
13 silly logfile done cleaning log files
14 silly packumentCache corgi:https://registry.npmjs.org/types-registry cache-miss
15 http fetch GET 200 https://registry.npmjs.org/types-registry 1129ms (cache revalidated)
16 silly packumentCache corgi:https://registry.npmjs.org/types-registry set size:617342 disposed:false
17 silly idealTree buildDeps
18 silly fetch manifest types-registry@0.1.756
19 silly packumentCache full:https://registry.npmjs.org/types-registry cache-miss
20 http fetch GET 200 https://registry.npmjs.org/types-registry 590ms (cache revalidated)
21 silly packumentCache full:https://registry.npmjs.org/types-registry set size:1328494 disposed:false
22 silly placeDep ROOT types-registry@0.1.756 REPLACE for:  want: 0.1.756
23 silly reify moves {}
24 silly audit bulk request {
24 silly audit   '@types/node': [ '25.0.10' ],
24 silly audit   '@types/react': [ '19.2.4' ],
24 silly audit   csstype: [ '3.1.3' ],
24 silly audit   'undici-types': [ '7.16.0' ],
24 silly audit   'types-registry': [ '0.1.756' ]
24 silly audit }
25 http fetch POST 200 https://registry.npmjs.org/-/npm/v1/security/advisories/bulk 395ms
26 silly audit report {}
27 verbose cwd /Users/sanchitbaviskar07@gmail.com /Library/Caches/typescript/5.9
28 verbose os Darwin 25.2.0
29 verbose node v24.7.0
30 verbose npm  v11.5.1
31 verbose exit 0
32 info ok
