0 verbose cli /opt/homebrew/Cellar/node/24.7.0/bin/node /opt/homebrew/bin/npm
1 info using npm@11.5.1
2 info using node@v24.7.0
3 silly config load:file:/opt/homebrew/lib/node_modules/npm/npmrc
4 silly config load:file:/Users/sanchitbaviskar07@gmail.com /Library/Caches/typescript/5.9/.npmrc
5 silly config load:file:/Users/sanchitbaviskar07@gmail.com /.npmrc
6 silly config load:file:/opt/homebrew/etc/npmrc
7 verbose title npm install types-registry@latest
8 verbose argv "install" "--ignore-scripts" "types-registry@latest"
9 verbose logfile logs-max:10 dir:/Users/sanchitbaviskar07@gmail.com /.npm/_logs/2026-02-10T07_16_16_830Z-
10 verbose logfile /Users/sanchitbaviskar07@gmail.com /.npm/_logs/2026-02-10T07_16_16_830Z-debug-0.log
11 silly logfile start cleaning logs, removing 2 files
12 silly packumentCache heap:4496293888 maxSize:1124073472 maxEntrySize:562036736
13 silly logfile done cleaning log files
14 silly packumentCache corgi:https://registry.npmjs.org/types-registry cache-miss
15 http fetch GET https://registry.npmjs.org/types-registry attempt 1 failed with ENOTFOUND
16 http fetch GET 200 https://registry.npmjs.org/types-registry 10197ms (cache revalidated)
17 silly packumentCache corgi:https://registry.npmjs.org/types-registry set size:617342 disposed:false
18 silly idealTree buildDeps
19 silly fetch manifest types-registry@0.1.756
20 silly packumentCache full:https://registry.npmjs.org/types-registry cache-miss
21 http fetch GET 200 https://registry.npmjs.org/types-registry 40ms (cache revalidated)
22 silly packumentCache full:https://registry.npmjs.org/types-registry set size:1328494 disposed:false
23 silly placeDep ROOT types-registry@0.1.756 REPLACE for:  want: 0.1.756
24 silly reify moves {}
25 silly audit bulk request {
25 silly audit   '@types/node': [ '25.0.10' ],
25 silly audit   '@types/react': [ '19.2.4' ],
25 silly audit   csstype: [ '3.1.3' ],
25 silly audit   'undici-types': [ '7.16.0' ],
25 silly audit   'types-registry': [ '0.1.756' ]
25 silly audit }
26 http fetch POST 200 https://registry.npmjs.org/-/npm/v1/security/advisories/bulk 394ms
27 silly audit report {}
28 verbose cwd /Users/sanchitbaviskar07@gmail.com /Library/Caches/typescript/5.9
29 verbose os Darwin 25.2.0
30 verbose node v24.7.0
31 verbose npm  v11.5.1
32 verbose exit 0
33 info ok
