0 verbose cli /opt/homebrew/Cellar/node/24.7.0/bin/node /opt/homebrew/bin/npm
1 info using npm@11.5.1
2 info using node@v24.7.0
3 silly config load:file:/opt/homebrew/lib/node_modules/npm/npmrc
4 silly config load:file:/Users/sanchitbaviskar07@gmail.com /Library/Caches/typescript/5.9/.npmrc
5 silly config load:file:/Users/sanchitbaviskar07@gmail.com /.npmrc
6 silly config load:file:/opt/homebrew/etc/npmrc
7 verbose title npm install types-registry@latest
8 verbose argv "install" "--ignore-scripts" "types-registry@latest"
9 verbose logfile logs-max:10 dir:/Users/sanchitbaviskar07@gmail.com /.npm/_logs/2026-02-09T05_49_04_682Z-
10 verbose logfile /Users/sanchitbaviskar07@gmail.com /.npm/_logs/2026-02-09T05_49_04_682Z-debug-0.log
11 silly logfile start cleaning logs, removing 2 files
12 silly packumentCache heap:4496293888 maxSize:1124073472 maxEntrySize:562036736
13 silly logfile done cleaning log files
14 silly packumentCache corgi:https://registry.npmjs.org/types-registry cache-miss
15 http fetch GET 200 https://registry.npmjs.org/types-registry 412ms (cache updated)
16 silly packumentCache corgi:https://registry.npmjs.org/types-registry set size:undefined disposed:false
17 silly idealTree buildDeps
18 silly fetch manifest types-registry@0.1.756
19 silly packumentCache full:https://registry.npmjs.org/types-registry cache-miss
20 http fetch GET 200 https://registry.npmjs.org/npm 454ms
21 http fetch GET 200 https://registry.npmjs.org/types-registry 92ms (cache updated)
22 silly packumentCache full:https://registry.npmjs.org/types-registry set size:undefined disposed:false
23 silly placeDep ROOT types-registry@0.1.756 REPLACE for:  want: 0.1.756
24 silly reify mark retired [
24 silly reify   '/Users/sanchitbaviskar07@gmail.com /Library/Caches/typescript/5.9/node_modules/types-registry'
24 silly reify ]
25 silly reify moves {
25 silly reify   '/Users/sanchitbaviskar07@gmail.com /Library/Caches/typescript/5.9/node_modules/types-registry': '/Users/sanchitbaviskar07@gmail.com /Library/Caches/typescript/5.9/node_modules/.types-registry-yaJJp8PZ'
25 silly reify }
26 silly audit bulk request {
26 silly audit   '@types/node': [ '25.0.10' ],
26 silly audit   '@types/react': [ '19.2.4' ],
26 silly audit   csstype: [ '3.1.3' ],
26 silly audit   'undici-types': [ '7.16.0' ],
26 silly audit   'types-registry': [ '0.1.756' ]
26 silly audit }
27 http cache types-registry@https://registry.npmjs.org/types-registry/-/types-registry-0.1.756.tgz 0ms (cache hit)
28 silly tarball no local data for types-registry@https://registry.npmjs.org/types-registry/-/types-registry-0.1.756.tgz. Extracting by manifest.
29 http fetch GET 200 https://registry.npmjs.org/types-registry/-/types-registry-0.1.756.tgz 179ms (cache miss)
30 http fetch POST 200 https://registry.npmjs.org/-/npm/v1/security/advisories/bulk 257ms
31 silly audit report {}
32 silly CHANGE node_modules/types-registry
33 verbose cwd /Users/sanchitbaviskar07@gmail.com /Library/Caches/typescript/5.9
34 verbose os Darwin 25.2.0
35 verbose node v24.7.0
36 verbose npm  v11.5.1
37 notice
37 notice New minor version of npm available! 11.5.1 -> 11.9.0
37 notice Changelog: https://github.com/npm/cli/releases/tag/v11.9.0
37 notice To update run: npm install -g npm@11.9.0
37 notice  { force: true, Symbol(proc-log.meta): true }
38 verbose exit 0
39 info ok
